* using log directory 'C:/Users/wfky1/Desktop/DDESONN/DDESONN.Rcheck'
* using R version 4.5.1 (2025-06-13 ucrt)
* using platform: x86_64-w64-mingw32
* R was compiled by
    gcc.exe (GCC) 14.2.0
    GNU Fortran (GCC) 14.2.0
* running under: Windows 11 x64 (build 26100)
* using session charset: UTF-8
* using options '--no-manual --as-cran'
* checking for file 'DDESONN/DESCRIPTION' ... OK
* checking extension type ... Package
* this is package 'DDESONN' version '0.1.0'
* package encoding: UTF-8
* checking CRAN incoming feasibility ... [12s] NOTE
Maintainer: 'Mathew William Armitage Fok <quiksilver67213@yahoo.com>'

New submission

License components with restrictions and base license permitting such:
  MIT + file LICENSE
File 'LICENSE':
  MIT License
  
  Copyright (c) 2026 Mathew William Armitage Fok
  
  Permission is hereby granted, free of charge, to any person obtaining a copy
  of this software and associated documentation files (the "Software"), to deal
  in the Software without restriction, including without limitation the rights
  to use, copy, modify, merge, publish, distribute, sublicense, and/or sell
  copies of the Software, and to permit persons to whom the Software is
  furnished to do so, subject to the following conditions:
  
  The above copyright notice and this permission notice shall be included in all
  copies or substantial portions of the Software.
  
  THE SOFTWARE IS PROVIDED "AS IS", WITHOUT WARRANTY OF ANY KIND, EXPRESS OR
  IMPLIED, INCLUDING BUT NOT LIMITED TO THE WARRANTIES OF MERCHANTABILITY,
  FITNESS FOR A PARTICULAR PURPOSE AND NONINFRINGEMENT. IN NO EVENT SHALL THE
  AUTHORS OR COPYRIGHT HOLDERS BE LIABLE FOR ANY CLAIM, DAMAGES OR OTHER
  LIABILITY, WHETHER IN AN ACTION OF CONTRACT, TORT OR OTHERWISE, ARISING FROM,
  OUT OF OR IN CONNECTION WITH THE SOFTWARE OR THE USE OR OTHER DEALINGS IN THE
  SOFTWARE.

Suggests or Enhances not in mainstream repositories:
  techila

Package has a VignetteBuilder field but no prebuilt vignette index.

Size of tarball: 27484177 bytes
* checking package namespace information ... OK
* checking package dependencies ... INFO
Package suggested but not available for checking: 'techila'
* checking if this is a source package ... OK
* checking if there is a namespace ... OK
* checking for executable files ... OK
* checking for hidden files and directories ... NOTE
Found the following hidden files and directories:
  .RDataTmp
These were most likely included in error. See section 'Package
structure' in the 'Writing R Extensions' manual.

CRAN-pack does not know about
  .RDataTmp
* checking for portable file names ... NOTE
Found the following non-portable file paths:
  DDESONN/inst/extdata/sample_runs/heart_failure_single_runs/20251025_175155__m1__wSeed/SingleRun_Pretty_Test_Metrics_500_seeds_20251025_175155.rds
  DDESONN/inst/extdata/sample_runs/heart_failure_single_runs/20251025_175155__m1__wSeed/SingleRun_Test_Metrics_500_seeds_20251025_175155.rds
  DDESONN/inst/extdata/sample_runs/heart_failure_single_runs/20251025_175155__m1__wSeed/SingleRun_Train_Acc_Val_Metrics_500_seeds_20251025_175155.rds
  DDESONN/inst/extdata/sample_runs/heart_failure_single_runs/20251026_111537__m1__wSeed/SingleRun_Pretty_Test_Metrics_500_seeds_20251026_111537.rds
  DDESONN/inst/extdata/sample_runs/heart_failure_single_runs/20251026_111537__m1__wSeed/SingleRun_Test_Metrics_500_seeds_20251026_111537.rds
  DDESONN/inst/extdata/sample_runs/heart_failure_single_runs/20251026_111537__m1__wSeed/SingleRun_Train_Acc_Val_Metrics_500_seeds_20251026_111537.rds

Tarballs are only required to store paths of up to 100 bytes and cannot
store those of more than 256 bytes, with restrictions including to 100
bytes for the final component.
See section 'Package structure' in the 'Writing R Extensions' manual.
* checking whether package 'DDESONN' can be installed ... [28s] WARNING
Found the following significant warnings:
  Note: possible error in 'ddesonn_console_log(sprintf("[EVOKE-FIT-BEGIN] where=%s | why=%s | seed=%s | run_index=%s\n", ': unused argument (debug = debug) 
  Note: possible error in 'ddesonn_console_log(sprintf("[EVOKE-FIT-END] where=%s | why=%s | seed=%s | run_index=%s\n", ': unused argument (debug = debug) 
See 'C:/Users/wfky1/Desktop/DDESONN/DDESONN.Rcheck/00install.out' for details.
Information on the location(s) of code generating the 'Note's can be
obtained by re-running with environment variable R_KEEP_PKG_SOURCE set
to 'yes'.
* checking installed package size ... INFO
  installed size is  7.2Mb
  sub-directories of 1Mb or more:
    extdata   5.9Mb
* checking package directory ... OK
* checking for future file timestamps ... NOTE
unable to verify current time
* checking DESCRIPTION meta-information ... NOTE
License stub is invalid DCF.
* checking top-level files ... NOTE
Files 'README.md' or 'NEWS.md' cannot be checked without 'pandoc' being installed.
Non-standard file/directory found at top level:
  'plots'
* checking for left-over files ... OK
* checking index information ... OK
* checking package subdirectories ... OK
* checking code files for non-ASCII characters ... OK
* checking R files for syntax errors ... OK
* checking whether the package can be loaded ... OK
* checking whether the package can be loaded with stated dependencies ... OK
* checking whether the package can be unloaded cleanly ... OK
* checking whether the namespace can be loaded with stated dependencies ... OK
* checking whether the namespace can be unloaded cleanly ... OK
* checking loading without being on the library search path ... OK
* checking use of S3 registration ... OK
* checking dependencies in R code ... NOTE
Namespace in Imports field not imported from: 'R6'
  All declared Imports should be used.
* checking S3 generic/method consistency ... OK
* checking replacement functions ... OK
* checking foreign function calls ... OK
* checking R code for possible problems ... [42s] NOTE
apply_optimizer_update: warning in nag_update(params =
  optimizer_params[[layer]], grads = grads_input, lr = lr *
  layer_boost, beta = beta1): partial argument match of 'beta' to
  'beta1'
.compute_test_metrics: no visible global function definition for
  'predict'
.flatten_metric_list : <anonymous>: no visible global function
  definition for 'setNames'
.is_linear_verbose: no visible global function definition for 'str'
.safe_run_predict: no visible global function definition for 'sd'
.summarize_matrix: no visible global function definition for 'sd'
.write_fused_consensus: no visible binding for global variable
  'run_index'
.write_fused_consensus: no visible binding for global variable
  'RUN_INDEX'
.write_fused_consensus: no visible binding for global variable 'seed'
.write_fused_consensus: no visible binding for global variable 'SEED'
DDESONN_fuse_from_agg: no visible global function definition for
  'na.omit'
DDESONN_fuse_from_agg : get_prob_mat_mc: no visible global function
  definition for 'na.omit'
DDESONN_predict_eval : .resolve_meta: no visible global function
  definition for 'ddesonn_legacy_artifacts_candidates'
DDESONN_predict_eval: no visible binding for global variable 'ML_NN'
EvaluatePredictionsReport: no visible global function definition for
  'abline'
EvaluatePredictionsReport : .close_devices: no visible global function
  definition for 'dev.list'
EvaluatePredictionsReport : .close_devices : <anonymous>: no visible
  global function definition for 'dev.off'
EvaluatePredictionsReport: no visible binding for global variable 'fpr'
EvaluatePredictionsReport: no visible binding for global variable 'tpr'
EvaluatePredictionsReport: no visible global function definition for
  'head'
EvaluatePredictionsReport: no visible global function definition for
  'tail'
EvaluatePredictionsReport : maybe_plot_binary: no visible binding for
  global variable 'Predicted'
EvaluatePredictionsReport : maybe_plot_binary: no visible binding for
  global variable 'Actual'
EvaluatePredictionsReport : maybe_plot_binary: no visible binding for
  global variable 'Count'
EvaluatePredictionsReport : maybe_plot_binary: no visible binding for
  global variable 'prob'
EvaluatePredictionsReport : maybe_plot_binary: no visible binding for
  global variable 'label'
EvaluatePredictionsReport : maybe_plot_binary: no visible binding for
  global variable 'prob_bin'
EvaluatePredictionsReport : maybe_plot_binary: no visible binding for
  global variable 'actual_rate'
EvaluatePredictionsReport : maybe_plot_binary: no visible binding for
  global variable 'bin_mid'
EvaluatePredictionsReport: no visible global function definition for
  'legend'
EvaluatePredictionsReport: no visible binding for global variable
  'Type'
EvaluatePredictionsReport: no visible binding for global variable
  'Predicted'
EvaluatePredictionsReport: no visible binding for global variable
  'Actual'
EvaluatePredictionsReport: no visible binding for global variable
  'Count'
EvaluatePredictionsReport: no visible global function definition for
  'str'
apply_optimizer_update: no visible binding for global variable
  'lookahead_step'
apply_optimizer_update: no visible binding for global variable 'lambda'
apply_optimizer_update: no visible binding for global variable 'errors'
calculate_performance : calculate_wss: no visible global function
  definition for 'kmeans'
calculate_performance: no visible global function definition for
  'kmeans'
calculate_performance: no visible binding for global variable 'grid'
calculate_performance: no visible binding for global variable
  'dropout_rates'
clustering_quality_db: no visible global function definition for
  'aggregate'
clustering_quality_db: no visible global function definition for 'dist'
ddesonn_fit: no visible global function definition for 'setNames'
ddesonn_run : add_network_to_main: no visible global function
  definition for 'tail'
ddesonn_run : <anonymous>: possible error in
  ddesonn_console_log(sprintf("[EVOKE-FIT-BEGIN] where=%s | why=%s |
  seed=%s | run_index=%s\n",
  "ddesonn_run::per_seed(main_fit)->ddesonn_fit", "Training main model;
  ddesonn_fit() may invoke predict() internally via
  validation/metrics/snapshots", as.character(seed_i),
  as.character(i)), level = "important", verbose = verbose, verboseLow
  = verboseLow, debug = debug): unused argument (debug = debug)
ddesonn_run : <anonymous>: possible error in
  ddesonn_console_log(sprintf("[EVOKE-FIT-END] where=%s | why=%s |
  seed=%s | run_index=%s\n",
  "ddesonn_run::per_seed(main_fit)->ddesonn_fit", "ddesonn_fit()
  returned to ddesonn_run; any predict() emitted above could have
  originated inside training/metrics/validation", as.character(seed_i),
  as.character(i)), level = "important", verbose = verbose, verboseLow
  = verboseLow, debug = debug): unused argument (debug = debug)
ddesonn_run : <anonymous>: possible error in
  ddesonn_console_log(sprintf("[EVOKE-FIT-BEGIN] where=%s | why=%s |
  seed=%s | run_index=%s\n",
  sprintf("ddesonn_run::TEMP(iter=%d)->ddesonn_fit", as.integer(iter)),
  "Training TEMP candidate model; ddesonn_fit() may invoke predict()
  internally via validation/metrics/snapshots", as.character(seed_i),
  as.character(i)), level = "important", verbose = verbose, verboseLow
  = verboseLow, debug = debug): unused argument (debug = debug)
ddesonn_run : <anonymous>: possible error in
  ddesonn_console_log(sprintf("[EVOKE-FIT-END] where=%s | why=%s |
  seed=%s | run_index=%s\n",
  sprintf("ddesonn_run::TEMP(iter=%d)->ddesonn_fit", as.integer(iter)),
  "ddesonn_fit() returned to ddesonn_run for TEMP candidate; any
  predict() emitted above could have originated inside
  training/metrics/validation", as.character(seed_i), as.character(i)),
  level = "important", verbose = verbose, verboseLow = verboseLow,
  debug = debug): unused argument (debug = debug)
find_best_model: no visible binding for global variable '.BM_DIR'
find_best_model: no visible global function definition for
  'bm_list_all'
find_best_model : <anonymous>: no visible global function definition
  for 'bm_select_exact'
find_best_model: no visible global function definition for
  'bm_select_exact'
find_best_model: no visible global function definition for 'head'
ftrl_update: no visible binding for global variable 'beta1'
gelu: no visible global function definition for 'erf'
gelu_derivative: no visible global function definition for 'erf'
infer_is_binary: no visible global function definition for 'na.omit'
initialize_optimizer_params: no visible global function definition for
  'rnorm'
initialize_optimizer_params: no visible global function definition for
  'str'
lr_scheduler: no visible binding for global variable 'lr'
memory_usage: no visible global function definition for 'object.size'
probe_last_layer: no visible global function definition for 'sd'
probe_last_layer: no visible global function definition for 'head'
robustness: no visible global function definition for 'rnorm'
update_biases_block: no visible global function definition for 'str'
update_weights_block: no visible global function definition for 'str'
Undefined global functions or variables:
  .BM_DIR Actual Count ML_NN Predicted RUN_INDEX SEED Type abline
  actual_rate aggregate beta1 bin_mid bm_list_all bm_select_exact
  ddesonn_legacy_artifacts_candidates dev.list dev.off dist
  dropout_rates erf errors fpr grid head kmeans label lambda legend
  lookahead_step lr na.omit object.size predict prob prob_bin rnorm
  run_index sd seed setNames str tail tpr
Consider adding
  importFrom("grDevices", "dev.list", "dev.off")
  importFrom("graphics", "abline", "grid", "legend")
  importFrom("stats", "aggregate", "dist", "kmeans", "na.omit",
             "predict", "rnorm", "sd", "setNames")
  importFrom("utils", "head", "object.size", "str", "tail")
to your NAMESPACE file.

Found the following assignments to the global environment:
File 'DDESONN/R/DDESONN.R':
  assign("best_train_probs", probs_tr, envir = .GlobalEnv)
  assign("best_train_labels", y_tr_epoch, envir = .GlobalEnv)
  assign("best_train_probs", probs_tr, envir = .GlobalEnv)
  assign("best_train_labels", y_tr_epoch, envir = .GlobalEnv)
  assign(paste0("Ensemble_Main_", ensemble_number, "_model_", model_iter_num, 
    "_metadata"), metadata, envir = .GlobalEnv)
  assign(paste0("Ensemble_Temp_", ensemble_number, "_model_", model_iter_num, 
    "_metadata"), metadata, envir = .GlobalEnv)
File 'DDESONN/R/api.R':
  assign(main_env, md, envir = .GlobalEnv)
File 'DDESONN/R/utils.R':
  assign("probe_last_train", dbg, envir = .GlobalEnv)
  assign("probe_last_predict", dbg, envir = .GlobalEnv)
  assign("probe_last_dbg", dbg, envir = .GlobalEnv)
  assign(paste0("probe_last_layer_", tag), stats, envir = .GlobalEnv)
  assign("LAST_APPLIED_X", X, .GlobalEnv)
  assign("LAST_APPLIED_X", X, .GlobalEnv)
* checking Rd files ... OK
* checking Rd metadata ... OK
* checking Rd line widths ... OK
* checking Rd cross-references ... WARNING
Missing link(s) in Rd file 'ddesonn_fit.Rd':
  'DDESONN'

Missing link(s) in Rd file 'ddesonn_model.Rd':
  'DDESONN'

Missing link(s) in Rd file 'ddesonn_predict.Rd':
  'DDESONN'

See section 'Cross-references' in the 'Writing R Extensions' manual.

Found the following Rd file(s) with Rd \link{} targets missing package
anchors:
  ddesonn_fit.Rd: DDESONN
  ddesonn_model.Rd: DDESONN
  ddesonn_predict.Rd: DDESONN
Please provide package anchors for all Rd \link{} targets not in the
package itself and the base packages.
* checking for missing documentation entries ... WARNING
Undocumented code objects:
  'DDESONN_activation_defaults' 'DDESONN_artifacts_root'
  'DDESONN_dropout_defaults' 'DDESONN_fit' 'DDESONN_model'
  'DDESONN_optimizer_options' 'DDESONN_plots_dir' 'DDESONN_predict'
  'DDESONN_run' 'DDESONN_training_defaults'
All user-level objects in a package should have documentation entries.
See chapter 'Writing R documentation files' in the 'Writing R
Extensions' manual.
* checking for code/documentation mismatches ... OK
* checking Rd \usage sections ... WARNING
Undocumented arguments in Rd file 'ddesonn_fit.Rd'
  'verbose' 'verboseLow' 'debug'

Undocumented arguments in Rd file 'ddesonn_model.Rd'
  'verbose' 'verboseLow' 'debug'

Undocumented arguments in Rd file 'ddesonn_predict.Rd'
  'verbose' 'verboseLow' 'debug'

Undocumented arguments in Rd file 'ddesonn_run.Rd'
  'verbose' 'verboseLow' 'debug'

Undocumented arguments in Rd file 'predict.ddesonn_model.Rd'
  'verbose' 'verboseLow' 'debug'

Functions with \usage entries need to have the appropriate \alias
entries, and all their arguments documented.
The \usage entries must correspond to syntactically valid R code.
See chapter 'Writing R documentation files' in the 'Writing R
Extensions' manual.
* checking Rd contents ... OK
* checking for unstated dependencies in examples ... OK
* checking files in 'vignettes' ... WARNING
Files in the 'vignettes' directory but no files in 'inst/doc':
  'DDESONNvKeras_1000Seeds.R' 'DDESONNvKeras_1000Seeds.Rmd'
  'logs_scenarioD_ensemble_runs_temp_iterations.R'
  'logs_scenarioD_ensemble_runs_temp_iterations.Rmd'
  'logs_scenarioD_ensemble_runs_temp_iterations.html'
  'plot-contols_scenario1_ensemble-runs_scenarioC-D.R'
  'plot-contols_scenario1_ensemble-runs_scenarioC-D.Rmd'
  'plot-contols_scenario1_ensemble-runs_scenarioC-D.html'
  'plot-controls_scenario1-2_single-run_scenarioA.R'
  'plot-controls_scenario1-2_single-run_scenarioA.Rmd'
  'plot-controls_scenario1-2_single-run_scenarioA.html'
* checking examples ... OK
* checking examples with --run-donttest ... OK
* checking package vignettes ... NOTE
Package has 'vignettes' subdirectory but apparently no vignettes.
Perhaps the 'VignetteBuilder' information is missing from the
DESCRIPTION file?
* checking for non-standard things in the check directory ... OK
* checking for detritus in the temp directory ... OK
* DONE
Status: 5 WARNINGs, 9 NOTEs
