Hmm ... looks like a package
Converting parsed Rd's to LaTeX .
Creating pdf output from LaTeX ...
This is pdfTeX, Version 3.141592653-2.6-1.40.28 (TeX Live 2025) (preloaded format=pdflatex)
 restricted \write18 enabled.
entering extended mode
(./Rd2.tex
LaTeX2e <2025-11-01>
L3 programming layer <2026-01-19>

(c:/Users/wfky1/AppData/Roaming/TinyTeX/texmf-dist/tex/latex/base/book.cls
Document Class: book 2025/01/22 v1.4n Standard LaTeX document class
(c:/Users/wfky1/AppData/Roaming/TinyTeX/texmf-dist/tex/latex/base/bk10.clo)) (c:/Program Files/R/R-4.5.1/share/texmf/tex/latex/Rd.sty (c:/Users/wfky1/AppData/Roaming/TinyTeX/texmf-dist/tex/latex/base/ifthen.sty) (c:/Users/wfky1/AppData/Roaming/TinyTeX/texmf-dist/tex/generic/iftex/iftex.sty) (c:/Users/wfky1/AppData/Roaming/TinyTeX/texmf-dist/tex/latex/tools/longtable.sty) (c:/Users/wfky1/AppData/Roaming/TinyTeX/texmf-dist/tex/latex/tools/bm.sty) (c:/Users/wfky1/AppData/Roaming/TinyTeX/texmf-dist/tex/latex/base/alltt.sty) (c:/Users/wfky1/AppData/Roaming/TinyTeX/texmf-dist/tex/latex/tools/verbatim.sty) (c:/Users/wfky1/AppData/Roaming/TinyTeX/texmf-dist/tex/latex/url/url.sty) (c:/Users/wfky1/AppData/Roaming/TinyTeX/texmf-dist/tex/latex/base/textcomp.sty) (c:/Users/wfky1/AppData/Roaming/TinyTeX/texmf-dist/tex/latex/amsmath/amsmath.sty
For additional information on amsmath, use the `?' option.
(c:/Users/wfky1/AppData/Roaming/TinyTeX/texmf-dist/tex/latex/amsmath/amstext.sty (c:/Users/wfky1/AppData/Roaming/TinyTeX/texmf-dist/tex/latex/amsmath/amsgen.sty)) (c:/Users/wfky1/AppData/Roaming/TinyTeX/texmf-dist/tex/latex/amsmath/amsbsy.sty) (c:/Users/wfky1/AppData/Roaming/TinyTeX/texmf-dist/tex/latex/amsmath/amsopn.sty)) (c:/Users/wfky1/AppData/Roaming/TinyTeX/texmf-dist/tex/latex/amsfonts/amsfonts.sty) (c:/Users/wfky1/AppData/Roaming/TinyTeX/texmf-dist/tex/latex/amsfonts/amssymb.sty) (c:/Users/wfky1/AppData/Roaming/TinyTeX/texmf-dist/tex/latex/amsfonts/eucal.sty) (c:/Users/wfky1/AppData/Roaming/TinyTeX/texmf-dist/tex/latex/base/fontenc.sty) (c:/Users/wfky1/AppData/Roaming/TinyTeX/texmf-dist/tex/latex/psnfss/times.sty) (c:/Users/wfky1/AppData/Roaming/TinyTeX/texmf-dist/tex/latex/inconsolata/zi4.sty `inconsolata-zi4' v1.12, 2019/05/17 Text macros for Inconsolata (msharpe) (c:/Users/wfky1/AppData/Roaming/TinyTeX/texmf-dist/tex/latex/xkeyval/xkeyval.sty (c:/Users/wfky1/AppData/Roaming/TinyTeX/texmf-dist/tex/generic/xkeyval/xkeyval.tex (c:/Users/wfky1/AppData/Roaming/TinyTeX/texmf-dist/tex/generic/xkeyval/xkvutils.tex (c:/Users/wfky1/AppData/Roaming/TinyTeX/texmf-dist/tex/generic/xkeyval/keyval.tex))))) (c:/Users/wfky1/AppData/Roaming/TinyTeX/texmf-dist/tex/latex/graphics/color.sty (c:/Users/wfky1/AppData/Roaming/TinyTeX/texmf-dist/tex/latex/graphics-cfg/color.cfg) (c:/Users/wfky1/AppData/Roaming/TinyTeX/texmf-dist/tex/latex/graphics-def/pdftex.def) (c:/Users/wfky1/AppData/Roaming/TinyTeX/texmf-dist/tex/latex/graphics/mathcolor.ltx)) (c:/Users/wfky1/AppData/Roaming/TinyTeX/texmf-dist/tex/latex/hyperref/hyperref.sty (c:/Users/wfky1/AppData/Roaming/TinyTeX/texmf-dist/tex/latex/kvsetkeys/kvsetkeys.sty) (c:/Users/wfky1/AppData/Roaming/TinyTeX/texmf-dist/tex/generic/kvdefinekeys/kvdefinekeys.sty) (c:/Users/wfky1/AppData/Roaming/TinyTeX/texmf-dist/tex/generic/pdfescape/pdfescape.sty (c:/Users/wfky1/AppData/Roaming/TinyTeX/texmf-dist/tex/generic/ltxcmds/ltxcmds.sty) (c:/Users/wfky1/AppData/Roaming/TinyTeX/texmf-dist/tex/generic/pdftexcmds/pdftexcmds.sty (c:/Users/wfky1/AppData/Roaming/TinyTeX/texmf-dist/tex/generic/infwarerr/infwarerr.sty))) (c:/Users/wfky1/AppData/Roaming/TinyTeX/texmf-dist/tex/latex/hycolor/hycolor.sty) (c:/Users/wfky1/AppData/Roaming/TinyTeX/texmf-dist/tex/latex/hyperref/nameref.sty (c:/Users/wfky1/AppData/Roaming/TinyTeX/texmf-dist/tex/latex/refcount/refcount.sty) (c:/Users/wfky1/AppData/Roaming/TinyTeX/texmf-dist/tex/generic/gettitlestring/gettitlestring.sty (c:/Users/wfky1/AppData/Roaming/TinyTeX/texmf-dist/tex/latex/kvoptions/kvoptions.sty))) (c:/Users/wfky1/AppData/Roaming/TinyTeX/texmf-dist/tex/latex/etoolbox/etoolbox.sty) (c:/Users/wfky1/AppData/Roaming/TinyTeX/texmf-dist/tex/generic/stringenc/stringenc.sty) (c:/Users/wfky1/AppData/Roaming/TinyTeX/texmf-dist/tex/latex/hyperref/pd1enc.def) (c:/Users/wfky1/AppData/Roaming/TinyTeX/texmf-dist/tex/generic/intcalc/intcalc.sty) (c:/Users/wfky1/AppData/Roaming/TinyTeX/texmf-dist/tex/latex/hyperref/puenc.def) (c:/Users/wfky1/AppData/Roaming/TinyTeX/texmf-dist/tex/generic/bitset/bitset.sty (c:/Users/wfky1/AppData/Roaming/TinyTeX/texmf-dist/tex/generic/bigintcalc/bigintcalc.sty))) (c:/Users/wfky1/AppData/Roaming/TinyTeX/texmf-dist/tex/latex/hyperref/hpdftex.def (c:/Users/wfky1/AppData/Roaming/TinyTeX/texmf-dist/tex/latex/rerunfilecheck/rerunfilecheck.sty (c:/Users/wfky1/AppData/Roaming/TinyTeX/texmf-dist/tex/generic/uniquecounter/uniquecounter.sty)))) (c:/Users/wfky1/AppData/Roaming/TinyTeX/texmf-dist/tex/latex/base/makeidx.sty)
Writing index file Rd2.idx
(c:/Users/wfky1/AppData/Roaming/TinyTeX/texmf-dist/tex/latex/psnfss/t1ptm.fd) (c:/Users/wfky1/AppData/Roaming/TinyTeX/texmf-dist/tex/latex/l3backend/l3backend-pdftex.def)
No file Rd2.aux.
[1{c:/Users/wfky1/AppData/Roaming/TinyTeX/texmf-var/fonts/map/pdftex/updmap/pdftex.map}{c:/Users/wfky1/AppData/Roaming/TinyTeX/texmf-dist/fonts/enc/dvips/base/8r.enc}] (c:/Users/wfky1/AppData/Roaming/TinyTeX/texmf-dist/tex/latex/inconsolata/t1zi4.fd)
No file Rd2.toc.
(c:/Users/wfky1/AppData/Roaming/TinyTeX/texmf-dist/tex/latex/amsfonts/umsa.fd) (c:/Users/wfky1/AppData/Roaming/TinyTeX/texmf-dist/tex/latex/amsfonts/umsb.fd) [2{c:/Users/wfky1/AppData/Roaming/TinyTeX/texmf-dist/fonts/enc/dvips/inconsolata/i4-t1-0.enc}]
Underfull \vbox (badness 10000) has occurred while \output is active [3] [4] [5] [6] [7] [8] [9] [10] [11] [12] [13] [14] [15] [16] (c:/Users/wfky1/AppData/Roaming/TinyTeX/texmf-dist/tex/latex/psnfss/ts1ptm.fd)
Overfull \hbox (15.24756pt too wide) in paragraph at lines 1039--1041
[]\T1/ptm/m/n/10 Scenario D ^^U main en-sem-ble plus TEMP it-er-a-tions ([]\T1/zi4/m/n/10 do_ensemble = TRUE[]\T1/ptm/m/n/10 , []\T1/zi4/m/n/10 num_temp_iterations
[17]
Underfull \vbox (badness 10000) has occurred while \output is active [18]
Underfull \vbox (badness 10000) has occurred while \output is active [19] [20] (c:/Users/wfky1/AppData/Roaming/TinyTeX/texmf-dist/tex/latex/inconsolata/ts1zi4.fd) [21{c:/Users/wfky1/AppData/Roaming/TinyTeX/texmf-dist/fonts/enc/dvips/inconsolata/i4-ts1.enc}]
No file Rd2.ind.
[22] (./Rd2.aux)

Package rerunfilecheck Warning: File `Rd2.out' has changed.
(rerunfilecheck)                Rerun to get outlines right
(rerunfilecheck)                or use package `bookmark'.

 )
(see the transcript file for additional information)<c:/Users/wfky1/AppData/Roaming/TinyTeX/texmf-dist/fonts/type1/public/inconsolata/Inconsolata-zi4r.pfb><c:/Users/wfky1/AppData/Roaming/TinyTeX/texmf-dist/fonts/type1/urw/times/utmb8a.pfb><c:/Users/wfky1/AppData/Roaming/TinyTeX/texmf-dist/fonts/type1/urw/times/utmr8a.pfb><c:/Users/wfky1/AppData/Roaming/TinyTeX/texmf-dist/fonts/type1/urw/times/utmr8a.pfb><c:/Users/wfky1/AppData/Roaming/TinyTeX/texmf-dist/fonts/type1/urw/times/utmri8a.pfb>
Output written on Rd2.pdf (22 pages, 116780 bytes).
Transcript written on Rd2.log.
This is makeindex, version 2.17 [TeX Live 2025] (kpathsea + Thai support).
Scanning input file Rd2.idx....done (108 entries accepted, 0 rejected).
Sorting entries....done (737 comparisons).
Generating output file Rd2.ind....done (215 lines written, 0 warnings).
Output written in Rd2.ind.
Transcript written in Rd2.ilg.
This is pdfTeX, Version 3.141592653-2.6-1.40.28 (TeX Live 2025) (preloaded format=pdflatex)
 restricted \write18 enabled.
entering extended mode
(./Rd2.tex
LaTeX2e <2025-11-01>
L3 programming layer <2026-01-19>

(c:/Users/wfky1/AppData/Roaming/TinyTeX/texmf-dist/tex/latex/base/book.cls
Document Class: book 2025/01/22 v1.4n Standard LaTeX document class
(c:/Users/wfky1/AppData/Roaming/TinyTeX/texmf-dist/tex/latex/base/bk10.clo)) (c:/Program Files/R/R-4.5.1/share/texmf/tex/latex/Rd.sty (c:/Users/wfky1/AppData/Roaming/TinyTeX/texmf-dist/tex/latex/base/ifthen.sty) (c:/Users/wfky1/AppData/Roaming/TinyTeX/texmf-dist/tex/generic/iftex/iftex.sty) (c:/Users/wfky1/AppData/Roaming/TinyTeX/texmf-dist/tex/latex/tools/longtable.sty) (c:/Users/wfky1/AppData/Roaming/TinyTeX/texmf-dist/tex/latex/tools/bm.sty) (c:/Users/wfky1/AppData/Roaming/TinyTeX/texmf-dist/tex/latex/base/alltt.sty) (c:/Users/wfky1/AppData/Roaming/TinyTeX/texmf-dist/tex/latex/tools/verbatim.sty) (c:/Users/wfky1/AppData/Roaming/TinyTeX/texmf-dist/tex/latex/url/url.sty) (c:/Users/wfky1/AppData/Roaming/TinyTeX/texmf-dist/tex/latex/base/textcomp.sty) (c:/Users/wfky1/AppData/Roaming/TinyTeX/texmf-dist/tex/latex/amsmath/amsmath.sty
For additional information on amsmath, use the `?' option.
(c:/Users/wfky1/AppData/Roaming/TinyTeX/texmf-dist/tex/latex/amsmath/amstext.sty (c:/Users/wfky1/AppData/Roaming/TinyTeX/texmf-dist/tex/latex/amsmath/amsgen.sty)) (c:/Users/wfky1/AppData/Roaming/TinyTeX/texmf-dist/tex/latex/amsmath/amsbsy.sty) (c:/Users/wfky1/AppData/Roaming/TinyTeX/texmf-dist/tex/latex/amsmath/amsopn.sty)) (c:/Users/wfky1/AppData/Roaming/TinyTeX/texmf-dist/tex/latex/amsfonts/amsfonts.sty) (c:/Users/wfky1/AppData/Roaming/TinyTeX/texmf-dist/tex/latex/amsfonts/amssymb.sty) (c:/Users/wfky1/AppData/Roaming/TinyTeX/texmf-dist/tex/latex/amsfonts/eucal.sty) (c:/Users/wfky1/AppData/Roaming/TinyTeX/texmf-dist/tex/latex/base/fontenc.sty) (c:/Users/wfky1/AppData/Roaming/TinyTeX/texmf-dist/tex/latex/psnfss/times.sty) (c:/Users/wfky1/AppData/Roaming/TinyTeX/texmf-dist/tex/latex/inconsolata/zi4.sty `inconsolata-zi4' v1.12, 2019/05/17 Text macros for Inconsolata (msharpe) (c:/Users/wfky1/AppData/Roaming/TinyTeX/texmf-dist/tex/latex/xkeyval/xkeyval.sty (c:/Users/wfky1/AppData/Roaming/TinyTeX/texmf-dist/tex/generic/xkeyval/xkeyval.tex (c:/Users/wfky1/AppData/Roaming/TinyTeX/texmf-dist/tex/generic/xkeyval/xkvutils.tex (c:/Users/wfky1/AppData/Roaming/TinyTeX/texmf-dist/tex/generic/xkeyval/keyval.tex))))) (c:/Users/wfky1/AppData/Roaming/TinyTeX/texmf-dist/tex/latex/graphics/color.sty (c:/Users/wfky1/AppData/Roaming/TinyTeX/texmf-dist/tex/latex/graphics-cfg/color.cfg) (c:/Users/wfky1/AppData/Roaming/TinyTeX/texmf-dist/tex/latex/graphics-def/pdftex.def) (c:/Users/wfky1/AppData/Roaming/TinyTeX/texmf-dist/tex/latex/graphics/mathcolor.ltx)) (c:/Users/wfky1/AppData/Roaming/TinyTeX/texmf-dist/tex/latex/hyperref/hyperref.sty (c:/Users/wfky1/AppData/Roaming/TinyTeX/texmf-dist/tex/latex/kvsetkeys/kvsetkeys.sty) (c:/Users/wfky1/AppData/Roaming/TinyTeX/texmf-dist/tex/generic/kvdefinekeys/kvdefinekeys.sty) (c:/Users/wfky1/AppData/Roaming/TinyTeX/texmf-dist/tex/generic/pdfescape/pdfescape.sty (c:/Users/wfky1/AppData/Roaming/TinyTeX/texmf-dist/tex/generic/ltxcmds/ltxcmds.sty) (c:/Users/wfky1/AppData/Roaming/TinyTeX/texmf-dist/tex/generic/pdftexcmds/pdftexcmds.sty (c:/Users/wfky1/AppData/Roaming/TinyTeX/texmf-dist/tex/generic/infwarerr/infwarerr.sty))) (c:/Users/wfky1/AppData/Roaming/TinyTeX/texmf-dist/tex/latex/hycolor/hycolor.sty) (c:/Users/wfky1/AppData/Roaming/TinyTeX/texmf-dist/tex/latex/hyperref/nameref.sty (c:/Users/wfky1/AppData/Roaming/TinyTeX/texmf-dist/tex/latex/refcount/refcount.sty) (c:/Users/wfky1/AppData/Roaming/TinyTeX/texmf-dist/tex/generic/gettitlestring/gettitlestring.sty (c:/Users/wfky1/AppData/Roaming/TinyTeX/texmf-dist/tex/latex/kvoptions/kvoptions.sty))) (c:/Users/wfky1/AppData/Roaming/TinyTeX/texmf-dist/tex/latex/etoolbox/etoolbox.sty) (c:/Users/wfky1/AppData/Roaming/TinyTeX/texmf-dist/tex/generic/stringenc/stringenc.sty) (c:/Users/wfky1/AppData/Roaming/TinyTeX/texmf-dist/tex/latex/hyperref/pd1enc.def) (c:/Users/wfky1/AppData/Roaming/TinyTeX/texmf-dist/tex/generic/intcalc/intcalc.sty) (c:/Users/wfky1/AppData/Roaming/TinyTeX/texmf-dist/tex/latex/hyperref/puenc.def) (c:/Users/wfky1/AppData/Roaming/TinyTeX/texmf-dist/tex/generic/bitset/bitset.sty (c:/Users/wfky1/AppData/Roaming/TinyTeX/texmf-dist/tex/generic/bigintcalc/bigintcalc.sty))) (c:/Users/wfky1/AppData/Roaming/TinyTeX/texmf-dist/tex/latex/hyperref/hpdftex.def (c:/Users/wfky1/AppData/Roaming/TinyTeX/texmf-dist/tex/latex/rerunfilecheck/rerunfilecheck.sty (c:/Users/wfky1/AppData/Roaming/TinyTeX/texmf-dist/tex/generic/uniquecounter/uniquecounter.sty)))) (c:/Users/wfky1/AppData/Roaming/TinyTeX/texmf-dist/tex/latex/base/makeidx.sty)
Writing index file Rd2.idx
(c:/Users/wfky1/AppData/Roaming/TinyTeX/texmf-dist/tex/latex/psnfss/t1ptm.fd) (c:/Users/wfky1/AppData/Roaming/TinyTeX/texmf-dist/tex/latex/l3backend/l3backend-pdftex.def) (./Rd2.aux) (./Rd2.out) (./Rd2.out) [1{c:/Users/wfky1/AppData/Roaming/TinyTeX/texmf-var/fonts/map/pdftex/updmap/pdftex.map}{c:/Users/wfky1/AppData/Roaming/TinyTeX/texmf-dist/fonts/enc/dvips/base/8r.enc}] (c:/Users/wfky1/AppData/Roaming/TinyTeX/texmf-dist/tex/latex/inconsolata/t1zi4.fd) (./Rd2.toc (c:/Users/wfky1/AppData/Roaming/TinyTeX/texmf-dist/tex/latex/amsfonts/umsa.fd) (c:/Users/wfky1/AppData/Roaming/TinyTeX/texmf-dist/tex/latex/amsfonts/umsb.fd)) [2{c:/Users/wfky1/AppData/Roaming/TinyTeX/texmf-dist/fonts/enc/dvips/inconsolata/i4-t1-0.enc}] [3] [4] [5] [6] [7] [8] [9] [10] [11] [12] [13] [14] [15] [16] (c:/Users/wfky1/AppData/Roaming/TinyTeX/texmf-dist/tex/latex/psnfss/ts1ptm.fd)
Overfull \hbox (15.24756pt too wide) in paragraph at lines 1039--1041
[]\T1/ptm/m/n/10 Scenario D ^^U main en-sem-ble plus TEMP it-er-a-tions ([]\T1/zi4/m/n/10 do_ensemble = TRUE[]\T1/ptm/m/n/10 , []\T1/zi4/m/n/10 num_temp_iterations
[17] [18]
Underfull \vbox (badness 10000) has occurred while \output is active [19]
Underfull \vbox (badness 10000) has occurred while \output is active [20] [21] (c:/Users/wfky1/AppData/Roaming/TinyTeX/texmf-dist/tex/latex/inconsolata/ts1zi4.fd) [22{c:/Users/wfky1/AppData/Roaming/TinyTeX/texmf-dist/fonts/enc/dvips/inconsolata/i4-ts1.enc}] (./Rd2.ind [23]

LaTeX Font Warning: Font shape `T1/zi4/m/it' undefined
(Font)              using `T1/zi4/m/n' instead on input line 8.


Overfull \hbox (10.01662pt too wide) in paragraph at lines 10--12
\T1/ptm/m/it/10 (\T1/zi4/m/it/10 ddesonn_activation_derivatives\T1/ptm/m/it/10 )\T1/ptm/m/n/10 , 

Overfull \hbox (10.01662pt too wide) in paragraph at lines 17--19
\T1/ptm/m/it/10 (\T1/zi4/m/it/10 ddesonn_activation_derivatives\T1/ptm/m/it/10 )\T1/ptm/m/n/10 , 

Overfull \hbox (10.01662pt too wide) in paragraph at lines 21--23
\T1/ptm/m/it/10 (\T1/zi4/m/it/10 ddesonn_activation_derivatives\T1/ptm/m/it/10 )\T1/ptm/m/n/10 , 

Overfull \hbox (10.01662pt too wide) in paragraph at lines 25--27
\T1/ptm/m/it/10 (\T1/zi4/m/it/10 ddesonn_activation_derivatives\T1/ptm/m/it/10 )\T1/ptm/m/n/10 , 

Overfull \hbox (10.01662pt too wide) in paragraph at lines 29--31
\T1/ptm/m/it/10 (\T1/zi4/m/it/10 ddesonn_activation_derivatives\T1/ptm/m/it/10 )\T1/ptm/m/n/10 , 

Overfull \hbox (10.01662pt too wide) in paragraph at lines 33--35
\T1/ptm/m/it/10 (\T1/zi4/m/it/10 ddesonn_activation_derivatives\T1/ptm/m/it/10 )\T1/ptm/m/n/10 , 

Overfull \hbox (10.01662pt too wide) in paragraph at lines 40--42
\T1/ptm/m/it/10 (\T1/zi4/m/it/10 ddesonn_activation_derivatives\T1/ptm/m/it/10 )\T1/ptm/m/n/10 , 

Overfull \hbox (10.01662pt too wide) in paragraph at lines 44--46
\T1/ptm/m/it/10 (\T1/zi4/m/it/10 ddesonn_activation_derivatives\T1/ptm/m/it/10 )\T1/ptm/m/n/10 , 

Overfull \hbox (10.01662pt too wide) in paragraph at lines 48--50
\T1/ptm/m/it/10 (\T1/zi4/m/it/10 ddesonn_activation_derivatives\T1/ptm/m/it/10 )\T1/ptm/m/n/10 , 

Overfull \hbox (10.01662pt too wide) in paragraph at lines 85--87
\T1/ptm/m/it/10 (\T1/zi4/m/it/10 ddesonn_activation_derivatives\T1/ptm/m/it/10 )\T1/ptm/m/n/10 , 

Overfull \hbox (10.01662pt too wide) in paragraph at lines 92--94
\T1/ptm/m/it/10 (\T1/zi4/m/it/10 ddesonn_activation_derivatives\T1/ptm/m/it/10 )\T1/ptm/m/n/10 , 

Overfull \hbox (10.01662pt too wide) in paragraph at lines 96--98
\T1/ptm/m/it/10 (\T1/zi4/m/it/10 ddesonn_activation_derivatives\T1/ptm/m/it/10 )\T1/ptm/m/n/10 , 

Overfull \hbox (10.01662pt too wide) in paragraph at lines 103--105
\T1/ptm/m/it/10 (\T1/zi4/m/it/10 ddesonn_activation_derivatives\T1/ptm/m/it/10 )\T1/ptm/m/n/10 , 

Overfull \hbox (10.01662pt too wide) in paragraph at lines 110--112
\T1/ptm/m/it/10 (\T1/zi4/m/it/10 ddesonn_activation_derivatives\T1/ptm/m/it/10 )\T1/ptm/m/n/10 , 

Overfull \hbox (10.01662pt too wide) in paragraph at lines 114--116
\T1/ptm/m/it/10 (\T1/zi4/m/it/10 ddesonn_activation_derivatives\T1/ptm/m/it/10 )\T1/ptm/m/n/10 , 
[24]
Overfull \hbox (10.01662pt too wide) in paragraph at lines 118--120
\T1/ptm/m/it/10 (\T1/zi4/m/it/10 ddesonn_activation_derivatives\T1/ptm/m/it/10 )\T1/ptm/m/n/10 , 

Overfull \hbox (10.01662pt too wide) in paragraph at lines 125--127
\T1/ptm/m/it/10 (\T1/zi4/m/it/10 ddesonn_activation_derivatives\T1/ptm/m/it/10 )\T1/ptm/m/n/10 , 

Overfull \hbox (10.01662pt too wide) in paragraph at lines 129--131
\T1/ptm/m/it/10 (\T1/zi4/m/it/10 ddesonn_activation_derivatives\T1/ptm/m/it/10 )\T1/ptm/m/n/10 , 

Overfull \hbox (10.01662pt too wide) in paragraph at lines 133--135
\T1/ptm/m/it/10 (\T1/zi4/m/it/10 ddesonn_activation_derivatives\T1/ptm/m/it/10 )\T1/ptm/m/n/10 , 

Overfull \hbox (10.01662pt too wide) in paragraph at lines 140--142
\T1/ptm/m/it/10 (\T1/zi4/m/it/10 ddesonn_activation_derivatives\T1/ptm/m/it/10 )\T1/ptm/m/n/10 , 

Overfull \hbox (10.01662pt too wide) in paragraph at lines 144--146
\T1/ptm/m/it/10 (\T1/zi4/m/it/10 ddesonn_activation_derivatives\T1/ptm/m/it/10 )\T1/ptm/m/n/10 , 

Overfull \hbox (10.01662pt too wide) in paragraph at lines 151--153
\T1/ptm/m/it/10 (\T1/zi4/m/it/10 ddesonn_activation_derivatives\T1/ptm/m/it/10 )\T1/ptm/m/n/10 , 

Overfull \hbox (10.01662pt too wide) in paragraph at lines 158--160
\T1/ptm/m/it/10 (\T1/zi4/m/it/10 ddesonn_activation_derivatives\T1/ptm/m/it/10 )\T1/ptm/m/n/10 , 

Overfull \hbox (10.01662pt too wide) in paragraph at lines 166--168
\T1/ptm/m/it/10 (\T1/zi4/m/it/10 ddesonn_activation_derivatives\T1/ptm/m/it/10 )\T1/ptm/m/n/10 , 

Overfull \hbox (10.01662pt too wide) in paragraph at lines 173--175
\T1/ptm/m/it/10 (\T1/zi4/m/it/10 ddesonn_activation_derivatives\T1/ptm/m/it/10 )\T1/ptm/m/n/10 , 

Overfull \hbox (10.01662pt too wide) in paragraph at lines 179--181
\T1/ptm/m/it/10 (\T1/zi4/m/it/10 ddesonn_activation_derivatives\T1/ptm/m/it/10 )\T1/ptm/m/n/10 , 

Overfull \hbox (10.01662pt too wide) in paragraph at lines 181--183
\T1/ptm/m/it/10 (\T1/zi4/m/it/10 ddesonn_activation_derivatives\T1/ptm/m/it/10 )\T1/ptm/m/n/10 , 

Overfull \hbox (10.01662pt too wide) in paragraph at lines 185--187
\T1/ptm/m/it/10 (\T1/zi4/m/it/10 ddesonn_activation_derivatives\T1/ptm/m/it/10 )\T1/ptm/m/n/10 , 

Overfull \hbox (10.01662pt too wide) in paragraph at lines 189--191
\T1/ptm/m/it/10 (\T1/zi4/m/it/10 ddesonn_activation_derivatives\T1/ptm/m/it/10 )\T1/ptm/m/n/10 , 

Overfull \hbox (10.01662pt too wide) in paragraph at lines 193--195
\T1/ptm/m/it/10 (\T1/zi4/m/it/10 ddesonn_activation_derivatives\T1/ptm/m/it/10 )\T1/ptm/m/n/10 , 

Overfull \hbox (10.01662pt too wide) in paragraph at lines 197--199
\T1/ptm/m/it/10 (\T1/zi4/m/it/10 ddesonn_activation_derivatives\T1/ptm/m/it/10 )\T1/ptm/m/n/10 , 

Overfull \hbox (10.01662pt too wide) in paragraph at lines 201--203
\T1/ptm/m/it/10 (\T1/zi4/m/it/10 ddesonn_activation_derivatives\T1/ptm/m/it/10 )\T1/ptm/m/n/10 , 

Overfull \hbox (10.01662pt too wide) in paragraph at lines 208--210
\T1/ptm/m/it/10 (\T1/zi4/m/it/10 ddesonn_activation_derivatives\T1/ptm/m/it/10 )\T1/ptm/m/n/10 , 

Overfull \hbox (10.01662pt too wide) in paragraph at lines 212--214
\T1/ptm/m/it/10 (\T1/zi4/m/it/10 ddesonn_activation_derivatives\T1/ptm/m/it/10 )\T1/ptm/m/n/10 , 
[25]) (./Rd2.aux)

LaTeX Font Warning: Some font shapes were not available, defaults substituted.


Package rerunfilecheck Warning: File `Rd2.out' has changed.
(rerunfilecheck)                Rerun to get outlines right
(rerunfilecheck)                or use package `bookmark'.

 )
(see the transcript file for additional information)<c:/Users/wfky1/AppData/Roaming/TinyTeX/texmf-dist/fonts/type1/public/inconsolata/Inconsolata-zi4r.pfb><c:/Users/wfky1/AppData/Roaming/TinyTeX/texmf-dist/fonts/type1/public/amsfonts/cm/cmsy10.pfb><c:/Users/wfky1/AppData/Roaming/TinyTeX/texmf-dist/fonts/type1/urw/times/utmb8a.pfb><c:/Users/wfky1/AppData/Roaming/TinyTeX/texmf-dist/fonts/type1/urw/times/utmr8a.pfb><c:/Users/wfky1/AppData/Roaming/TinyTeX/texmf-dist/fonts/type1/urw/times/utmr8a.pfb><c:/Users/wfky1/AppData/Roaming/TinyTeX/texmf-dist/fonts/type1/urw/times/utmri8a.pfb>
Output written on Rd2.pdf (25 pages, 133607 bytes).
Transcript written on Rd2.log.
This is makeindex, version 2.17 [TeX Live 2025] (kpathsea + Thai support).
Scanning input file Rd2.idx....done (108 entries accepted, 0 rejected).
Sorting entries....done (737 comparisons).
Generating output file Rd2.ind....done (214 lines written, 0 warnings).
Output written in Rd2.ind.
Transcript written in Rd2.ilg.
This is pdfTeX, Version 3.141592653-2.6-1.40.28 (TeX Live 2025) (preloaded format=pdflatex)
 restricted \write18 enabled.
entering extended mode
(./Rd2.tex
LaTeX2e <2025-11-01>
L3 programming layer <2026-01-19>

(c:/Users/wfky1/AppData/Roaming/TinyTeX/texmf-dist/tex/latex/base/book.cls
Document Class: book 2025/01/22 v1.4n Standard LaTeX document class
(c:/Users/wfky1/AppData/Roaming/TinyTeX/texmf-dist/tex/latex/base/bk10.clo)) (c:/Program Files/R/R-4.5.1/share/texmf/tex/latex/Rd.sty (c:/Users/wfky1/AppData/Roaming/TinyTeX/texmf-dist/tex/latex/base/ifthen.sty) (c:/Users/wfky1/AppData/Roaming/TinyTeX/texmf-dist/tex/generic/iftex/iftex.sty) (c:/Users/wfky1/AppData/Roaming/TinyTeX/texmf-dist/tex/latex/tools/longtable.sty) (c:/Users/wfky1/AppData/Roaming/TinyTeX/texmf-dist/tex/latex/tools/bm.sty) (c:/Users/wfky1/AppData/Roaming/TinyTeX/texmf-dist/tex/latex/base/alltt.sty) (c:/Users/wfky1/AppData/Roaming/TinyTeX/texmf-dist/tex/latex/tools/verbatim.sty) (c:/Users/wfky1/AppData/Roaming/TinyTeX/texmf-dist/tex/latex/url/url.sty) (c:/Users/wfky1/AppData/Roaming/TinyTeX/texmf-dist/tex/latex/base/textcomp.sty) (c:/Users/wfky1/AppData/Roaming/TinyTeX/texmf-dist/tex/latex/amsmath/amsmath.sty
For additional information on amsmath, use the `?' option.
(c:/Users/wfky1/AppData/Roaming/TinyTeX/texmf-dist/tex/latex/amsmath/amstext.sty (c:/Users/wfky1/AppData/Roaming/TinyTeX/texmf-dist/tex/latex/amsmath/amsgen.sty)) (c:/Users/wfky1/AppData/Roaming/TinyTeX/texmf-dist/tex/latex/amsmath/amsbsy.sty) (c:/Users/wfky1/AppData/Roaming/TinyTeX/texmf-dist/tex/latex/amsmath/amsopn.sty)) (c:/Users/wfky1/AppData/Roaming/TinyTeX/texmf-dist/tex/latex/amsfonts/amsfonts.sty) (c:/Users/wfky1/AppData/Roaming/TinyTeX/texmf-dist/tex/latex/amsfonts/amssymb.sty) (c:/Users/wfky1/AppData/Roaming/TinyTeX/texmf-dist/tex/latex/amsfonts/eucal.sty) (c:/Users/wfky1/AppData/Roaming/TinyTeX/texmf-dist/tex/latex/base/fontenc.sty) (c:/Users/wfky1/AppData/Roaming/TinyTeX/texmf-dist/tex/latex/psnfss/times.sty) (c:/Users/wfky1/AppData/Roaming/TinyTeX/texmf-dist/tex/latex/inconsolata/zi4.sty `inconsolata-zi4' v1.12, 2019/05/17 Text macros for Inconsolata (msharpe) (c:/Users/wfky1/AppData/Roaming/TinyTeX/texmf-dist/tex/latex/xkeyval/xkeyval.sty (c:/Users/wfky1/AppData/Roaming/TinyTeX/texmf-dist/tex/generic/xkeyval/xkeyval.tex (c:/Users/wfky1/AppData/Roaming/TinyTeX/texmf-dist/tex/generic/xkeyval/xkvutils.tex (c:/Users/wfky1/AppData/Roaming/TinyTeX/texmf-dist/tex/generic/xkeyval/keyval.tex))))) (c:/Users/wfky1/AppData/Roaming/TinyTeX/texmf-dist/tex/latex/graphics/color.sty (c:/Users/wfky1/AppData/Roaming/TinyTeX/texmf-dist/tex/latex/graphics-cfg/color.cfg) (c:/Users/wfky1/AppData/Roaming/TinyTeX/texmf-dist/tex/latex/graphics-def/pdftex.def) (c:/Users/wfky1/AppData/Roaming/TinyTeX/texmf-dist/tex/latex/graphics/mathcolor.ltx)) (c:/Users/wfky1/AppData/Roaming/TinyTeX/texmf-dist/tex/latex/hyperref/hyperref.sty (c:/Users/wfky1/AppData/Roaming/TinyTeX/texmf-dist/tex/latex/kvsetkeys/kvsetkeys.sty) (c:/Users/wfky1/AppData/Roaming/TinyTeX/texmf-dist/tex/generic/kvdefinekeys/kvdefinekeys.sty) (c:/Users/wfky1/AppData/Roaming/TinyTeX/texmf-dist/tex/generic/pdfescape/pdfescape.sty (c:/Users/wfky1/AppData/Roaming/TinyTeX/texmf-dist/tex/generic/ltxcmds/ltxcmds.sty) (c:/Users/wfky1/AppData/Roaming/TinyTeX/texmf-dist/tex/generic/pdftexcmds/pdftexcmds.sty (c:/Users/wfky1/AppData/Roaming/TinyTeX/texmf-dist/tex/generic/infwarerr/infwarerr.sty))) (c:/Users/wfky1/AppData/Roaming/TinyTeX/texmf-dist/tex/latex/hycolor/hycolor.sty) (c:/Users/wfky1/AppData/Roaming/TinyTeX/texmf-dist/tex/latex/hyperref/nameref.sty (c:/Users/wfky1/AppData/Roaming/TinyTeX/texmf-dist/tex/latex/refcount/refcount.sty) (c:/Users/wfky1/AppData/Roaming/TinyTeX/texmf-dist/tex/generic/gettitlestring/gettitlestring.sty (c:/Users/wfky1/AppData/Roaming/TinyTeX/texmf-dist/tex/latex/kvoptions/kvoptions.sty))) (c:/Users/wfky1/AppData/Roaming/TinyTeX/texmf-dist/tex/latex/etoolbox/etoolbox.sty) (c:/Users/wfky1/AppData/Roaming/TinyTeX/texmf-dist/tex/generic/stringenc/stringenc.sty) (c:/Users/wfky1/AppData/Roaming/TinyTeX/texmf-dist/tex/latex/hyperref/pd1enc.def) (c:/Users/wfky1/AppData/Roaming/TinyTeX/texmf-dist/tex/generic/intcalc/intcalc.sty) (c:/Users/wfky1/AppData/Roaming/TinyTeX/texmf-dist/tex/latex/hyperref/puenc.def) (c:/Users/wfky1/AppData/Roaming/TinyTeX/texmf-dist/tex/generic/bitset/bitset.sty (c:/Users/wfky1/AppData/Roaming/TinyTeX/texmf-dist/tex/generic/bigintcalc/bigintcalc.sty))) (c:/Users/wfky1/AppData/Roaming/TinyTeX/texmf-dist/tex/latex/hyperref/hpdftex.def (c:/Users/wfky1/AppData/Roaming/TinyTeX/texmf-dist/tex/latex/rerunfilecheck/rerunfilecheck.sty (c:/Users/wfky1/AppData/Roaming/TinyTeX/texmf-dist/tex/generic/uniquecounter/uniquecounter.sty)))) (c:/Users/wfky1/AppData/Roaming/TinyTeX/texmf-dist/tex/latex/base/makeidx.sty)
Writing index file Rd2.idx
(c:/Users/wfky1/AppData/Roaming/TinyTeX/texmf-dist/tex/latex/psnfss/t1ptm.fd) (c:/Users/wfky1/AppData/Roaming/TinyTeX/texmf-dist/tex/latex/l3backend/l3backend-pdftex.def) (./Rd2.aux) (./Rd2.out) (./Rd2.out) [1{c:/Users/wfky1/AppData/Roaming/TinyTeX/texmf-var/fonts/map/pdftex/updmap/pdftex.map}{c:/Users/wfky1/AppData/Roaming/TinyTeX/texmf-dist/fonts/enc/dvips/base/8r.enc}] (c:/Users/wfky1/AppData/Roaming/TinyTeX/texmf-dist/tex/latex/inconsolata/t1zi4.fd) (./Rd2.toc (c:/Users/wfky1/AppData/Roaming/TinyTeX/texmf-dist/tex/latex/amsfonts/umsa.fd) (c:/Users/wfky1/AppData/Roaming/TinyTeX/texmf-dist/tex/latex/amsfonts/umsb.fd)) [2{c:/Users/wfky1/AppData/Roaming/TinyTeX/texmf-dist/fonts/enc/dvips/inconsolata/i4-t1-0.enc}] [3] [4] [5] [6]
Underfull \vbox (badness 10000) has occurred while \output is active [7] [8] [9] [10] [11] [12] [13] [14] [15] [16] [17] (c:/Users/wfky1/AppData/Roaming/TinyTeX/texmf-dist/tex/latex/psnfss/ts1ptm.fd)
Overfull \hbox (15.24756pt too wide) in paragraph at lines 1039--1041
[]\T1/ptm/m/n/10 Scenario D ^^U main en-sem-ble plus TEMP it-er-a-tions ([]\T1/zi4/m/n/10 do_ensemble = TRUE[]\T1/ptm/m/n/10 , []\T1/zi4/m/n/10 num_temp_iterations
[18]
Underfull \vbox (badness 10000) has occurred while \output is active [19]
Underfull \vbox (badness 10000) has occurred while \output is active [20] [21] (c:/Users/wfky1/AppData/Roaming/TinyTeX/texmf-dist/tex/latex/inconsolata/ts1zi4.fd) [22{c:/Users/wfky1/AppData/Roaming/TinyTeX/texmf-dist/fonts/enc/dvips/inconsolata/i4-ts1.enc}] (./Rd2.ind [23]

LaTeX Font Warning: Font shape `T1/zi4/m/it' undefined
(Font)              using `T1/zi4/m/n' instead on input line 8.


Overfull \hbox (10.01662pt too wide) in paragraph at lines 10--12
\T1/ptm/m/it/10 (\T1/zi4/m/it/10 ddesonn_activation_derivatives\T1/ptm/m/it/10 )\T1/ptm/m/n/10 , 

Overfull \hbox (10.01662pt too wide) in paragraph at lines 17--19
\T1/ptm/m/it/10 (\T1/zi4/m/it/10 ddesonn_activation_derivatives\T1/ptm/m/it/10 )\T1/ptm/m/n/10 , 

Overfull \hbox (10.01662pt too wide) in paragraph at lines 21--23
\T1/ptm/m/it/10 (\T1/zi4/m/it/10 ddesonn_activation_derivatives\T1/ptm/m/it/10 )\T1/ptm/m/n/10 , 

Overfull \hbox (10.01662pt too wide) in paragraph at lines 25--27
\T1/ptm/m/it/10 (\T1/zi4/m/it/10 ddesonn_activation_derivatives\T1/ptm/m/it/10 )\T1/ptm/m/n/10 , 

Overfull \hbox (10.01662pt too wide) in paragraph at lines 29--31
\T1/ptm/m/it/10 (\T1/zi4/m/it/10 ddesonn_activation_derivatives\T1/ptm/m/it/10 )\T1/ptm/m/n/10 , 

Overfull \hbox (10.01662pt too wide) in paragraph at lines 33--35
\T1/ptm/m/it/10 (\T1/zi4/m/it/10 ddesonn_activation_derivatives\T1/ptm/m/it/10 )\T1/ptm/m/n/10 , 

Overfull \hbox (10.01662pt too wide) in paragraph at lines 40--42
\T1/ptm/m/it/10 (\T1/zi4/m/it/10 ddesonn_activation_derivatives\T1/ptm/m/it/10 )\T1/ptm/m/n/10 , 

Overfull \hbox (10.01662pt too wide) in paragraph at lines 44--46
\T1/ptm/m/it/10 (\T1/zi4/m/it/10 ddesonn_activation_derivatives\T1/ptm/m/it/10 )\T1/ptm/m/n/10 , 

Overfull \hbox (10.01662pt too wide) in paragraph at lines 48--50
\T1/ptm/m/it/10 (\T1/zi4/m/it/10 ddesonn_activation_derivatives\T1/ptm/m/it/10 )\T1/ptm/m/n/10 , 

Overfull \hbox (10.01662pt too wide) in paragraph at lines 84--86
\T1/ptm/m/it/10 (\T1/zi4/m/it/10 ddesonn_activation_derivatives\T1/ptm/m/it/10 )\T1/ptm/m/n/10 , 

Overfull \hbox (10.01662pt too wide) in paragraph at lines 91--93
\T1/ptm/m/it/10 (\T1/zi4/m/it/10 ddesonn_activation_derivatives\T1/ptm/m/it/10 )\T1/ptm/m/n/10 , 

Overfull \hbox (10.01662pt too wide) in paragraph at lines 95--97
\T1/ptm/m/it/10 (\T1/zi4/m/it/10 ddesonn_activation_derivatives\T1/ptm/m/it/10 )\T1/ptm/m/n/10 , 

Overfull \hbox (10.01662pt too wide) in paragraph at lines 102--104
\T1/ptm/m/it/10 (\T1/zi4/m/it/10 ddesonn_activation_derivatives\T1/ptm/m/it/10 )\T1/ptm/m/n/10 , 

Overfull \hbox (10.01662pt too wide) in paragraph at lines 109--111
\T1/ptm/m/it/10 (\T1/zi4/m/it/10 ddesonn_activation_derivatives\T1/ptm/m/it/10 )\T1/ptm/m/n/10 , 

Overfull \hbox (10.01662pt too wide) in paragraph at lines 113--115
\T1/ptm/m/it/10 (\T1/zi4/m/it/10 ddesonn_activation_derivatives\T1/ptm/m/it/10 )\T1/ptm/m/n/10 , 
[24]
Overfull \hbox (10.01662pt too wide) in paragraph at lines 117--119
\T1/ptm/m/it/10 (\T1/zi4/m/it/10 ddesonn_activation_derivatives\T1/ptm/m/it/10 )\T1/ptm/m/n/10 , 

Overfull \hbox (10.01662pt too wide) in paragraph at lines 124--126
\T1/ptm/m/it/10 (\T1/zi4/m/it/10 ddesonn_activation_derivatives\T1/ptm/m/it/10 )\T1/ptm/m/n/10 , 

Overfull \hbox (10.01662pt too wide) in paragraph at lines 128--130
\T1/ptm/m/it/10 (\T1/zi4/m/it/10 ddesonn_activation_derivatives\T1/ptm/m/it/10 )\T1/ptm/m/n/10 , 

Overfull \hbox (10.01662pt too wide) in paragraph at lines 132--134
\T1/ptm/m/it/10 (\T1/zi4/m/it/10 ddesonn_activation_derivatives\T1/ptm/m/it/10 )\T1/ptm/m/n/10 , 

Overfull \hbox (10.01662pt too wide) in paragraph at lines 139--141
\T1/ptm/m/it/10 (\T1/zi4/m/it/10 ddesonn_activation_derivatives\T1/ptm/m/it/10 )\T1/ptm/m/n/10 , 

Overfull \hbox (10.01662pt too wide) in paragraph at lines 143--145
\T1/ptm/m/it/10 (\T1/zi4/m/it/10 ddesonn_activation_derivatives\T1/ptm/m/it/10 )\T1/ptm/m/n/10 , 

Overfull \hbox (10.01662pt too wide) in paragraph at lines 150--152
\T1/ptm/m/it/10 (\T1/zi4/m/it/10 ddesonn_activation_derivatives\T1/ptm/m/it/10 )\T1/ptm/m/n/10 , 

Overfull \hbox (10.01662pt too wide) in paragraph at lines 157--159
\T1/ptm/m/it/10 (\T1/zi4/m/it/10 ddesonn_activation_derivatives\T1/ptm/m/it/10 )\T1/ptm/m/n/10 , 

Overfull \hbox (10.01662pt too wide) in paragraph at lines 165--167
\T1/ptm/m/it/10 (\T1/zi4/m/it/10 ddesonn_activation_derivatives\T1/ptm/m/it/10 )\T1/ptm/m/n/10 , 

Overfull \hbox (10.01662pt too wide) in paragraph at lines 172--174
\T1/ptm/m/it/10 (\T1/zi4/m/it/10 ddesonn_activation_derivatives\T1/ptm/m/it/10 )\T1/ptm/m/n/10 , 

Overfull \hbox (10.01662pt too wide) in paragraph at lines 178--180
\T1/ptm/m/it/10 (\T1/zi4/m/it/10 ddesonn_activation_derivatives\T1/ptm/m/it/10 )\T1/ptm/m/n/10 , 

Overfull \hbox (10.01662pt too wide) in paragraph at lines 180--182
\T1/ptm/m/it/10 (\T1/zi4/m/it/10 ddesonn_activation_derivatives\T1/ptm/m/it/10 )\T1/ptm/m/n/10 , 

Overfull \hbox (10.01662pt too wide) in paragraph at lines 184--186
\T1/ptm/m/it/10 (\T1/zi4/m/it/10 ddesonn_activation_derivatives\T1/ptm/m/it/10 )\T1/ptm/m/n/10 , 

Overfull \hbox (10.01662pt too wide) in paragraph at lines 188--190
\T1/ptm/m/it/10 (\T1/zi4/m/it/10 ddesonn_activation_derivatives\T1/ptm/m/it/10 )\T1/ptm/m/n/10 , 

Overfull \hbox (10.01662pt too wide) in paragraph at lines 192--194
\T1/ptm/m/it/10 (\T1/zi4/m/it/10 ddesonn_activation_derivatives\T1/ptm/m/it/10 )\T1/ptm/m/n/10 , 

Overfull \hbox (10.01662pt too wide) in paragraph at lines 196--198
\T1/ptm/m/it/10 (\T1/zi4/m/it/10 ddesonn_activation_derivatives\T1/ptm/m/it/10 )\T1/ptm/m/n/10 , 

Overfull \hbox (10.01662pt too wide) in paragraph at lines 200--202
\T1/ptm/m/it/10 (\T1/zi4/m/it/10 ddesonn_activation_derivatives\T1/ptm/m/it/10 )\T1/ptm/m/n/10 , 

Overfull \hbox (10.01662pt too wide) in paragraph at lines 207--209
\T1/ptm/m/it/10 (\T1/zi4/m/it/10 ddesonn_activation_derivatives\T1/ptm/m/it/10 )\T1/ptm/m/n/10 , 

Overfull \hbox (10.01662pt too wide) in paragraph at lines 211--213
\T1/ptm/m/it/10 (\T1/zi4/m/it/10 ddesonn_activation_derivatives\T1/ptm/m/it/10 )\T1/ptm/m/n/10 , 
[25]) (./Rd2.aux)

LaTeX Font Warning: Some font shapes were not available, defaults substituted.

 )
(see the transcript file for additional information)<c:/Users/wfky1/AppData/Roaming/TinyTeX/texmf-dist/fonts/type1/public/inconsolata/Inconsolata-zi4r.pfb><c:/Users/wfky1/AppData/Roaming/TinyTeX/texmf-dist/fonts/type1/public/amsfonts/cm/cmsy10.pfb><c:/Users/wfky1/AppData/Roaming/TinyTeX/texmf-dist/fonts/type1/urw/times/utmb8a.pfb><c:/Users/wfky1/AppData/Roaming/TinyTeX/texmf-dist/fonts/type1/urw/times/utmr8a.pfb><c:/Users/wfky1/AppData/Roaming/TinyTeX/texmf-dist/fonts/type1/urw/times/utmr8a.pfb><c:/Users/wfky1/AppData/Roaming/TinyTeX/texmf-dist/fonts/type1/urw/times/utmri8a.pfb>
Output written on Rd2.pdf (25 pages, 134806 bytes).
Transcript written on Rd2.log.
Saving output to 'DDESONN-manual.pdf' ...
Done
You may want to clean up by 'rm -Rf C:/Users/wfky1/AppData/Local/Temp/RtmpmEVsai/Rd2pdf63bc48fe34f'
